<?xml version="1.0" encoding="utf-8"?><testsuites><testsuite name="pytest" errors="0" failures="0" skipped="0" tests="2" time="134.487" timestamp="2024-12-05T15:03:21.901998+08:00" hostname="ASP-2103-0004"><testcase classname="testCases.ams.test_module_name_1" name="test_case_1[/s-park/statistics/api/vehicle/getTodayInout-POST-request_data0-assert_data0-headers0-store_var0]" time="134.200" /><testcase classname="testCases.ams.test_module_name_1" name="test_case_2[/statistics/iocLargeScreen/electricData-POST-request_data0-assert_data0-headers0-store_var0]" time="0.231" /></testsuite></testsuites>